Vec Object: 1 MPI processes
  type: seq
inf.
inf.
inf.
inf.
